PROCEDURE
ID[array]
ID[X]
COMMA
ID[Y]
COMMA
ID[XY]
SEMICOLON
IN
ID[X]
COMMA
ID[Y]
SEMICOLON
WHILE
LPAREN
ID[X]
EQUAL
ASSIGN
CONST[0]
RPAREN
BEGIN
ID[Y]
ASSIGN
ID[Y]
MULTIPLY
ID[Y]
SEMICOLON
ID[X]
ASSIGN
ID[X]
SUBTRACT
CONST[1]
SEMICOLON
SEMICOLON
OUT
ID[Y]
SEMICOLON
END
